t25_v25__none seed=505 train=25 val=25 (informative=18)
  maxacc  acc=0.7902 rate=0.8098
  cap50   acc=0.7122 rate=0.0390
  q50     acc=0.7756 rate=0.4195
t25_v25__none seed=606 train=25 val=25 (informative=18)
  maxacc  acc=0.7659 rate=0.6146
  cap50   acc=0.7317 rate=0.3024
  q50     acc=0.7463 rate=0.5171
t25_v25__none seed=707 train=25 val=25 (informative=18)
  maxacc  acc=0.7951 rate=0.8439
  cap50   acc=0.7707 rate=0.4293
  q50     acc=0.7854 rate=0.5366
t25_v25__none seed=808 train=25 val=25 (informative=18)
  maxacc  acc=0.7707 rate=0.7171
  cap50   acc=0.7073 rate=0.2293
  q50     acc=0.7512 rate=0.4293
t25_v25__none seed=909 train=25 val=25 (informative=18)
  maxacc  acc=0.8098 rate=0.9707
  cap50   acc=0.7366 rate=0.3902
  q50     acc=0.7366 rate=0.4293
t25_v25__mean_prob_l1 seed=505 train=25 val=25 (informative=18)
  maxacc  acc=0.7463 rate=0.3902
  cap50   acc=0.7463 rate=0.3902
  q50     acc=0.7415 rate=0.3171
t25_v25__mean_prob_l1 seed=606 train=25 val=25 (informative=18)
  maxacc  acc=0.7463 rate=0.5073
  cap50   acc=0.7415 rate=0.3610
  q50     acc=0.7463 rate=0.5073
t25_v25__mean_prob_l1 seed=707 train=25 val=25 (informative=18)
  maxacc  acc=0.8000 rate=0.8927
  cap50   acc=0.7854 rate=0.4488
  q50     acc=0.7951 rate=0.5902
t25_v25__mean_prob_l1 seed=808 train=25 val=25 (informative=18)
  maxacc  acc=0.7854 rate=0.6683
  cap50   acc=0.7512 rate=0.4488
  q50     acc=0.7512 rate=0.4390
t25_v25__mean_prob_l1 seed=909 train=25 val=25 (informative=18)
  maxacc  acc=0.8049 rate=1.0000
  cap50   acc=0.7366 rate=0.3366
  q50     acc=0.7610 rate=0.4732
t30_v20__none seed=505 train=30 val=20 (informative=15)
  maxacc  acc=0.8000 rate=0.9756
  cap50   acc=0.7659 rate=0.5512
  q50     acc=0.7512 rate=0.4146
t30_v20__none seed=606 train=30 val=20 (informative=15)
  maxacc  acc=0.7756 rate=0.4098
  cap50   acc=0.7756 rate=0.4098
  q50     acc=0.7854 rate=0.5805
t30_v20__none seed=707 train=30 val=20 (informative=15)
  maxacc  acc=0.8049 rate=0.9366
  cap50   acc=0.7512 rate=0.4146
  q50     acc=0.7707 rate=0.5512
t30_v20__none seed=808 train=30 val=20 (informative=15)
  maxacc  acc=0.7854 rate=0.7756
  cap50   acc=0.7171 rate=0.0878
  q50     acc=0.7317 rate=0.4878
t30_v20__none seed=909 train=30 val=20 (informative=15)
  maxacc  acc=0.7951 rate=0.9317
  cap50   acc=0.7268 rate=0.3073
  q50     acc=0.7951 rate=0.6927
t30_v20__mean_prob_l1 seed=505 train=30 val=20 (informative=15)
  maxacc  acc=0.7805 rate=0.6976
  cap50   acc=0.7805 rate=0.6976
  q50     acc=0.7659 rate=0.4244
t30_v20__mean_prob_l1 seed=606 train=30 val=20 (informative=15)
  maxacc  acc=0.7366 rate=0.2390
  cap50   acc=0.7366 rate=0.2390
  q50     acc=0.7659 rate=0.5317
t30_v20__mean_prob_l1 seed=707 train=30 val=20 (informative=15)
  maxacc  acc=0.7854 rate=0.7512
  cap50   acc=0.7512 rate=0.3854
  q50     acc=0.7610 rate=0.4537
t30_v20__mean_prob_l1 seed=808 train=30 val=20 (informative=15)
  maxacc  acc=0.7610 rate=0.6683
  cap50   acc=0.7220 rate=0.1512
  q50     acc=0.7463 rate=0.5366
t30_v20__mean_prob_l1 seed=909 train=30 val=20 (informative=15)
  maxacc  acc=0.7805 rate=0.8195
  cap50   acc=0.7561 rate=0.3561
  q50     acc=0.7659 rate=0.5268
Saved C:\Users\25875\gepa\outputs\computer_qa_50label_budget.json
