routellm seed=505 train=25 val=25
  maxacc  acc=0.7951 rate=0.8439
  q50     acc=0.7707 rate=0.4293
routellm seed=606 train=25 val=25
  maxacc  acc=0.7854 rate=0.7854
  q50     acc=0.7561 rate=0.4293
routellm seed=707 train=25 val=25
  maxacc  acc=0.7951 rate=0.8390
  q50     acc=0.7902 rate=0.5220
routellm seed=808 train=25 val=25
  maxacc  acc=0.7805 rate=0.7902
  q50     acc=0.7512 rate=0.4244
routellm seed=909 train=25 val=25
  maxacc  acc=0.7951 rate=0.8976
  q50     acc=0.7268 rate=0.4341
frugalgpt seed=505 train=25 val=25
  maxacc  acc=0.8000 rate=0.7268
  q50     acc=0.7854 rate=0.5073
frugalgpt seed=606 train=25 val=25
  maxacc  acc=0.8049 rate=0.8683
  q50     acc=0.7659 rate=0.4780
frugalgpt seed=707 train=25 val=25
  maxacc  acc=0.7561 rate=0.5073
  q50     acc=0.7561 rate=0.5073
frugalgpt seed=808 train=25 val=25
  maxacc  acc=0.8000 rate=0.7756
  q50     acc=0.7805 rate=0.5366
frugalgpt seed=909 train=25 val=25
  maxacc  acc=0.7902 rate=0.8732
  q50     acc=0.7610 rate=0.4732
Saved C:\Users\25875\gepa\outputs\computer_qa_external_baselines.json
