random25 seed=505
  maxacc  acc=0.7610 rate=0.4098 bw_waste=0.14
  q30     acc=0.7512 rate=0.3171 bw_waste=0.12
random25 seed=606
  maxacc  acc=0.7512 rate=0.3171 bw_waste=0.20
  q30     acc=0.7463 rate=0.2732 bw_waste=0.21
random25 seed=707
  maxacc  acc=0.7659 rate=0.5659 bw_waste=0.16
  q30     acc=0.7610 rate=0.3512 bw_waste=0.14
random25 seed=808
  maxacc  acc=0.8049 rate=0.9756 bw_waste=0.16
  q30     acc=0.7366 rate=0.3073 bw_waste=0.14
random25 seed=909
  maxacc  acc=0.8049 rate=0.9951 bw_waste=0.16
  q30     acc=0.7561 rate=0.3463 bw_waste=0.17
online_top seed=505
    round 1: labels=10 nano_wrong=2
    round 2: labels=15 nano_wrong=2
    round 3: labels=20 nano_wrong=3
    round 4: labels=25 nano_wrong=5
  maxacc  acc=0.8000 rate=0.7951 bw_waste=0.13
  q30     acc=0.7659 rate=0.3854 bw_waste=0.14
online_top seed=606
    round 1: labels=10 nano_wrong=1
    round 2: labels=15 nano_wrong=2
    round 3: labels=20 nano_wrong=2
    round 4: labels=25 nano_wrong=4
  maxacc  acc=0.7366 rate=0.3659 bw_waste=0.20
  q30     acc=0.7317 rate=0.3805 bw_waste=0.19
online_top seed=707
    round 1: labels=10 nano_wrong=2
    round 2: labels=15 nano_wrong=4
    round 3: labels=20 nano_wrong=4
    round 4: labels=25 nano_wrong=6
  maxacc  acc=0.8049 rate=0.7756 bw_waste=0.14
  q30     acc=0.7561 rate=0.4049 bw_waste=0.12
online_top seed=808
    round 1: labels=10 nano_wrong=1
    round 2: labels=15 nano_wrong=3
    round 3: labels=20 nano_wrong=5
    round 4: labels=25 nano_wrong=5
  maxacc  acc=0.7463 rate=0.3854 bw_waste=0.16
  q30     acc=0.7610 rate=0.5122 bw_waste=0.15
online_top seed=909
    round 1: labels=10 nano_wrong=1
    round 2: labels=15 nano_wrong=2
    round 3: labels=20 nano_wrong=2
    round 4: labels=25 nano_wrong=5
  maxacc  acc=0.7073 rate=0.3512 bw_waste=0.22
  q30     acc=0.7073 rate=0.3561 bw_waste=0.18
online_eps seed=505
    round 1: labels=10 nano_wrong=0
    round 2: labels=15 nano_wrong=2
    round 3: labels=20 nano_wrong=4
    round 4: labels=25 nano_wrong=5
  maxacc  acc=0.7854 rate=0.7707 bw_waste=0.15
  q30     acc=0.7415 rate=0.3220 bw_waste=0.14
online_eps seed=606
    round 1: labels=10 nano_wrong=1
    round 2: labels=15 nano_wrong=2
    round 3: labels=20 nano_wrong=5
    round 4: labels=25 nano_wrong=5
  maxacc  acc=0.7366 rate=0.1951 bw_waste=0.07
  q30     acc=0.7415 rate=0.3317 bw_waste=0.13
online_eps seed=707
    round 1: labels=10 nano_wrong=2
    round 2: labels=15 nano_wrong=2
    round 3: labels=20 nano_wrong=3
    round 4: labels=25 nano_wrong=3
  maxacc  acc=0.7610 rate=0.6829 bw_waste=0.18
  q30     acc=0.7317 rate=0.4146 bw_waste=0.14
online_eps seed=808
    round 1: labels=10 nano_wrong=2
    round 2: labels=15 nano_wrong=3
    round 3: labels=20 nano_wrong=4
    round 4: labels=25 nano_wrong=7
  maxacc  acc=0.8049 rate=0.9561 bw_waste=0.16
  q30     acc=0.7366 rate=0.3024 bw_waste=0.13
online_eps seed=909
    round 1: labels=10 nano_wrong=2
    round 2: labels=15 nano_wrong=2
    round 3: labels=20 nano_wrong=4
    round 4: labels=25 nano_wrong=6
  maxacc  acc=0.7805 rate=0.7805 bw_waste=0.15
  q30     acc=0.7561 rate=0.4146 bw_waste=0.19
online_uncertain seed=505
    round 1: labels=10 nano_wrong=1
    round 2: labels=15 nano_wrong=2
    round 3: labels=20 nano_wrong=4
    round 4: labels=25 nano_wrong=4
  maxacc  acc=0.8000 rate=0.8098 bw_waste=0.14
  q30     acc=0.7805 rate=0.3951 bw_waste=0.16
online_uncertain seed=606
    round 1: labels=10 nano_wrong=2
    round 2: labels=15 nano_wrong=4
    round 3: labels=20 nano_wrong=5
    round 4: labels=25 nano_wrong=6
  maxacc  acc=0.7610 rate=0.3659 bw_waste=0.13
  q30     acc=0.7610 rate=0.3268 bw_waste=0.13
online_uncertain seed=707
    round 1: labels=10 nano_wrong=1
    round 2: labels=15 nano_wrong=2
    round 3: labels=20 nano_wrong=3
    round 4: labels=25 nano_wrong=4
  maxacc  acc=0.7951 rate=0.8439 bw_waste=0.13
  q30     acc=0.7610 rate=0.4195 bw_waste=0.16
online_uncertain seed=808
    round 1: labels=10 nano_wrong=1
    round 2: labels=15 nano_wrong=2
    round 3: labels=20 nano_wrong=3
    round 4: labels=25 nano_wrong=6
  maxacc  acc=0.7707 rate=0.6927 bw_waste=0.15
  q30     acc=0.7561 rate=0.4390 bw_waste=0.16
online_uncertain seed=909
    round 1: labels=10 nano_wrong=1
    round 2: labels=15 nano_wrong=1
    round 3: labels=20 nano_wrong=3
    round 4: labels=25 nano_wrong=5
  maxacc  acc=0.7512 rate=0.4927 bw_waste=0.19
  q30     acc=0.7463 rate=0.4341 bw_waste=0.20
Saved C:\Users\25875\gepa\outputs\computer_qa_online_nanowrong.json
