d5_a25__none seed=505 counts={'both_correct': 22, 'nano_only': 2, 'both_wrong': 3, 'mini_only': 3} aug=0
  acc=0.8098 rate=0.9415 save=0.0585 MOrec=1.0000
d5_a25__none seed=606 counts={'nano_only': 2, 'both_correct': 22, 'both_wrong': 3, 'mini_only': 3} aug=0
  acc=0.7463 rate=0.3171 save=0.6829 MOrec=0.2692
d5_a25__none seed=707 counts={'both_correct': 22, 'mini_only': 1, 'both_wrong': 5, 'nano_only': 2} aug=0
  acc=0.7854 rate=0.7366 save=0.2634 MOrec=0.7692
d5_a25__none seed=808 counts={'both_wrong': 4, 'both_correct': 22, 'nano_only': 2, 'mini_only': 2} aug=0
  acc=0.7415 rate=0.5512 save=0.4488 MOrec=0.4231
d5_a25__none seed=909 counts={'both_wrong': 6, 'both_correct': 19, 'mini_only': 3, 'nano_only': 2} aug=0
  acc=0.7951 rate=0.9707 save=0.0293 MOrec=0.9231
d5_a25__mean_prob_l1 seed=505 counts={'both_correct': 22, 'nano_only': 2, 'both_wrong': 3, 'mini_only': 3} aug=0
  acc=0.7805 rate=0.6439 save=0.3561 MOrec=0.6154
d5_a25__mean_prob_l1 seed=606 counts={'nano_only': 2, 'both_correct': 22, 'both_wrong': 3, 'mini_only': 3} aug=0
  acc=0.7366 rate=0.2634 save=0.7366 MOrec=0.1923
d5_a25__mean_prob_l1 seed=707 counts={'both_correct': 22, 'mini_only': 1, 'both_wrong': 5, 'nano_only': 2} aug=0
  acc=0.7854 rate=0.7317 save=0.2683 MOrec=0.7692
d5_a25__mean_prob_l1 seed=808 counts={'both_wrong': 4, 'both_correct': 22, 'nano_only': 2, 'mini_only': 2} aug=0
  acc=0.7415 rate=0.4146 save=0.5854 MOrec=0.4231
d5_a25__mean_prob_l1 seed=909 counts={'both_wrong': 6, 'both_correct': 19, 'mini_only': 3, 'nano_only': 2} aug=0
  acc=0.7805 rate=0.4341 save=0.5659 MOrec=0.5769
random30__none seed=505 counts={'both_correct': 24, 'both_wrong': 4, 'mini_only': 2} aug=0
  acc=0.7854 rate=0.5951 save=0.4049 MOrec=0.7308
random30__none seed=606 counts={'both_wrong': 6, 'both_correct': 20, 'mini_only': 3, 'nano_only': 1} aug=0
  acc=0.8049 rate=0.9024 save=0.0976 MOrec=0.9231
random30__none seed=707 counts={'both_correct': 23, 'mini_only': 3, 'both_wrong': 3, 'nano_only': 1} aug=0
  acc=0.7902 rate=0.8146 save=0.1854 MOrec=0.8077
random30__none seed=808 counts={'both_correct': 22, 'both_wrong': 5, 'mini_only': 1, 'nano_only': 2} aug=0
  acc=0.7122 rate=0.3805 save=0.6195 MOrec=0.1538
random30__none seed=909 counts={'both_correct': 20, 'both_wrong': 4, 'nano_only': 2, 'mini_only': 4} aug=0
  acc=0.7854 rate=0.4634 save=0.5366 MOrec=0.6154
random30__mean_prob_l1 seed=505 counts={'both_correct': 24, 'both_wrong': 4, 'mini_only': 2} aug=0
  acc=0.7512 rate=0.7463 save=0.2537 MOrec=0.5769
random30__mean_prob_l1 seed=606 counts={'both_wrong': 6, 'both_correct': 20, 'mini_only': 3, 'nano_only': 1} aug=0
  acc=0.7317 rate=0.3512 save=0.6488 MOrec=0.2308
random30__mean_prob_l1 seed=707 counts={'both_correct': 23, 'mini_only': 3, 'both_wrong': 3, 'nano_only': 1} aug=0
  acc=0.7854 rate=0.6927 save=0.3073 MOrec=0.7308
random30__mean_prob_l1 seed=808 counts={'both_correct': 22, 'both_wrong': 5, 'mini_only': 1, 'nano_only': 2} aug=0
  acc=0.7268 rate=0.2878 save=0.7122 MOrec=0.1923
random30__mean_prob_l1 seed=909 counts={'both_correct': 20, 'both_wrong': 4, 'nano_only': 2, 'mini_only': 4} aug=0
  acc=0.7756 rate=0.5171 save=0.4829 MOrec=0.5769
d15_a25__none seed=505 counts={'both_correct': 22, 'nano_only': 4, 'mini_only': 7, 'both_wrong': 7} aug=0
  acc=0.7610 rate=0.4683 save=0.5317 MOrec=0.4231
d15_a25__none seed=606 counts={'both_wrong': 9, 'both_correct': 20, 'mini_only': 9, 'nano_only': 2} aug=0
  acc=0.7268 rate=0.2000 save=0.8000 MOrec=0.1923
d15_a25__none seed=707 counts={'nano_only': 5, 'both_correct': 20, 'both_wrong': 10, 'mini_only': 5} aug=0
  acc=0.7610 rate=0.4878 save=0.5122 MOrec=0.5385
d15_a25__none seed=808 counts={'both_correct': 21, 'both_wrong': 8, 'mini_only': 7, 'nano_only': 4} aug=0
  acc=0.7951 rate=0.8098 save=0.1902 MOrec=0.8462
d15_a25__none seed=909 counts={'both_correct': 22, 'mini_only': 9, 'nano_only': 4, 'both_wrong': 5} aug=0
  acc=0.8049 rate=0.9317 save=0.0683 MOrec=0.9615
d15_a25__mean_prob_l1 seed=505 counts={'both_correct': 22, 'nano_only': 4, 'mini_only': 7, 'both_wrong': 7} aug=0
  acc=0.7659 rate=0.5707 save=0.4293 MOrec=0.4615
d15_a25__mean_prob_l1 seed=606 counts={'both_wrong': 9, 'both_correct': 20, 'mini_only': 9, 'nano_only': 2} aug=0
d15_a25__mean_prob_l1 seed=606 counts={'both_wrong': 9, 'both_correct': 20, 'mini_only': 9, 'nano_only': 2} aug=0
  acc=0.7220 rate=0.3415 save=0.6585 MOrec=0.2308
d15_a25__mean_prob_l1 seed=707 counts={'nano_only': 5, 'both_correct': 20, 'both_wrong': 10, 'mini_only': 5} aug=0
  acc=0.7659 rate=0.6293 save=0.3707 MOrec=0.6154
d15_a25__mean_prob_l1 seed=808 counts={'both_correct': 21, 'both_wrong': 8, 'mini_only': 7, 'nano_only': 4} aug=0
  acc=0.7854 rate=0.8293 save=0.1707 MOrec=0.7692
d15_a25__mean_prob_l1 seed=909 counts={'both_correct': 22, 'mini_only': 9, 'nano_only': 4, 'both_wrong': 5} aug=0
  acc=0.7366 rate=0.3512 save=0.6488 MOrec=0.2308
random40__none seed=505 counts={'both_wrong': 9, 'both_correct': 28, 'nano_only': 1, 'mini_only': 2} aug=0
  acc=0.8146 rate=0.7951 save=0.2049 MOrec=0.9231
random40__none seed=606 counts={'both_correct': 28, 'mini_only': 3, 'both_wrong': 8, 'nano_only': 1} aug=0
  acc=0.7707 rate=0.5561 save=0.4439 MOrec=0.6923
random40__none seed=707 counts={'both_correct': 27, 'both_wrong': 6, 'nano_only': 3, 'mini_only': 4} aug=0
  acc=0.8000 rate=0.8293 save=0.1707 MOrec=0.8462
random40__none seed=808 counts={'both_correct': 31, 'both_wrong': 2, 'nano_only': 3, 'mini_only': 4} aug=0
  acc=0.7707 rate=0.6780 save=0.3220 MOrec=0.6154
random40__none seed=909 counts={'both_wrong': 6, 'both_correct': 30, 'mini_only': 4} aug=0
  acc=0.7463 rate=0.2829 save=0.7171 MOrec=0.3462
random40__mean_prob_l1 seed=505 counts={'both_wrong': 9, 'both_correct': 28, 'nano_only': 1, 'mini_only': 2} aug=0
  acc=0.8000 rate=0.8878 save=0.1122 MOrec=0.9231
random40__mean_prob_l1 seed=606 counts={'both_correct': 28, 'mini_only': 3, 'both_wrong': 8, 'nano_only': 1} aug=0
  acc=0.7220 rate=0.3024 save=0.6976 MOrec=0.1538
random40__mean_prob_l1 seed=707 counts={'both_correct': 27, 'both_wrong': 6, 'nano_only': 3, 'mini_only': 4} aug=0
  acc=0.7854 rate=0.6732 save=0.3268 MOrec=0.7308
random40__mean_prob_l1 seed=808 counts={'both_correct': 31, 'both_wrong': 2, 'nano_only': 3, 'mini_only': 4} aug=0
  acc=0.7220 rate=0.3463 save=0.6537 MOrec=0.1923
random40__mean_prob_l1 seed=909 counts={'both_wrong': 6, 'both_correct': 30, 'mini_only': 4} aug=0
  acc=0.7415 rate=0.3659 save=0.6341 MOrec=0.3462
d25_a25__none seed=808 counts={'mini_only': 13, 'both_correct': 24, 'both_wrong': 8, 'nano_only': 5} aug=0
  acc=0.7561 rate=0.5610 save=0.4390 MOrec=0.5385
d25_a25__none seed=909 counts={'both_correct': 23, 'mini_only': 13, 'nano_only': 6, 'both_wrong': 6} aug=0
  acc=0.7512 rate=0.3756 save=0.6244 MOrec=0.4231
d25_a25__mean_prob_l1 seed=808 counts={'mini_only': 13, 'both_correct': 24, 'both_wrong': 8, 'nano_only': 5} aug=0
  acc=0.7463 rate=0.5220 save=0.4780 MOrec=0.4231
d25_a25__mean_prob_l1 seed=909 counts={'both_correct': 23, 'mini_only': 13, 'nano_only': 6, 'both_wrong': 6} aug=0
  acc=0.7415 rate=0.4732 save=0.5268 MOrec=0.3462
random50__none seed=808 counts={'both_correct': 39, 'both_wrong': 5, 'mini_only': 5, 'nano_only': 1} aug=0
  acc=0.7610 rate=0.4488 save=0.5512 MOrec=0.4231
random50__none seed=909 counts={'both_correct': 35, 'mini_only': 6, 'both_wrong': 8, 'nano_only': 1} aug=0
  acc=0.7659 rate=0.4634 save=0.5366 MOrec=0.5000
random50__mean_prob_l1 seed=808 counts={'both_correct': 39, 'both_wrong': 5, 'mini_only': 5, 'nano_only': 1} aug=0
  acc=0.7756 rate=0.6244 save=0.3756 MOrec=0.6538
random50__mean_prob_l1 seed=909 counts={'both_correct': 35, 'mini_only': 6, 'both_wrong': 8, 'nano_only': 1} aug=0
  acc=0.8098 rate=0.8537 save=0.1463 MOrec=0.9615
d25_a25_aug50__none seed=505 counts={'both_correct': 21, 'nano_only': 6, 'both_wrong': 11, 'mini_only': 12} aug=50
  acc=0.7659 rate=0.7268 save=0.2732 MOrec=0.6538
d25_a25_aug50__none seed=606 counts={'both_correct': 19, 'mini_only': 13, 'both_wrong': 11, 'nano_only': 6} aug=50
  acc=0.7854 rate=0.8732 save=0.1268 MOrec=0.8077
d25_a25_aug50__none seed=707 counts={'both_wrong': 10, 'both_correct': 22, 'mini_only': 12, 'nano_only': 6} aug=50
  acc=0.8049 rate=0.8878 save=0.1122 MOrec=0.9615
d25_a25_aug50__none seed=808 counts={'mini_only': 13, 'both_correct': 24, 'both_wrong': 8, 'nano_only': 5} aug=50
  acc=0.7707 rate=0.7610 save=0.2390 MOrec=0.6538
d25_a25_aug50__none seed=909 counts={'both_correct': 23, 'mini_only': 13, 'nano_only': 6, 'both_wrong': 6} aug=50
  acc=0.7707 rate=0.5463 save=0.4537 MOrec=0.6923
d25_a25_aug50__mean_prob_l1 seed=505 counts={'both_correct': 21, 'nano_only': 6, 'both_wrong': 11, 'mini_only': 12} aug=50
  acc=0.7707 rate=0.4927 save=0.5073 MOrec=0.5385
d25_a25_aug50__mean_prob_l1 seed=606 counts={'both_correct': 19, 'mini_only': 13, 'both_wrong': 11, 'nano_only': 6} aug=50
  acc=0.8049 rate=0.9171 save=0.0829 MOrec=0.9615
d25_a25_aug50__mean_prob_l1 seed=707 counts={'both_wrong': 10, 'both_correct': 22, 'mini_only': 12, 'nano_only': 6} aug=50
  acc=0.7951 rate=0.7512 save=0.2488 MOrec=0.8846
d25_a25_aug50__mean_prob_l1 seed=808 counts={'mini_only': 13, 'both_correct': 24, 'both_wrong': 8, 'nano_only': 5} aug=50
  acc=0.7854 rate=0.7951 save=0.2049 MOrec=0.8077
d25_a25_aug50__mean_prob_l1 seed=909 counts={'both_correct': 23, 'mini_only': 13, 'nano_only': 6, 'both_wrong': 6} aug=50
  acc=0.7171 rate=0.1951 save=0.8049 MOrec=0.1154
d25_a25_augall__none seed=505 counts={'both_correct': 21, 'nano_only': 6, 'both_wrong': 11, 'mini_only': 12} aug=92
  acc=0.7610 rate=0.6683 save=0.3317 MOrec=0.6154
d25_a25_augall__none seed=606 counts={'both_correct': 19, 'mini_only': 13, 'both_wrong': 11, 'nano_only': 6} aug=94
  acc=0.8000 rate=0.8878 save=0.1122 MOrec=0.8462
d25_a25_augall__none seed=707 counts={'both_wrong': 10, 'both_correct': 22, 'mini_only': 12, 'nano_only': 6} aug=92
  acc=0.8000 rate=0.8488 save=0.1512 MOrec=0.8846
d25_a25_augall__none seed=808 counts={'mini_only': 13, 'both_correct': 24, 'both_wrong': 8, 'nano_only': 5} aug=92
  acc=0.7610 rate=0.5122 save=0.4878 MOrec=0.4231
d25_a25_augall__none seed=909 counts={'both_correct': 23, 'mini_only': 13, 'nano_only': 6, 'both_wrong': 6} aug=95
  acc=0.8049 rate=0.8146 save=0.1854 MOrec=0.9231
d25_a25_augall__mean_prob_l1 seed=505 counts={'both_correct': 21, 'nano_only': 6, 'both_wrong': 11, 'mini_only': 12} aug=92
  acc=0.7610 rate=0.7317 save=0.2683 MOrec=0.6538
d25_a25_augall__mean_prob_l1 seed=606 counts={'both_correct': 19, 'mini_only': 13, 'both_wrong': 11, 'nano_only': 6} aug=94
  acc=0.7805 rate=0.8390 save=0.1610 MOrec=0.7692
d25_a25_augall__mean_prob_l1 seed=707 counts={'both_wrong': 10, 'both_correct': 22, 'mini_only': 12, 'nano_only': 6} aug=92
  acc=0.8049 rate=0.8244 save=0.1756 MOrec=0.9615
d25_a25_augall__mean_prob_l1 seed=808 counts={'mini_only': 13, 'both_correct': 24, 'both_wrong': 8, 'nano_only': 5} aug=92
  acc=0.7463 rate=0.4244 save=0.5756 MOrec=0.4615
d25_a25_augall__mean_prob_l1 seed=909 counts={'both_correct': 23, 'mini_only': 13, 'nano_only': 6, 'both_wrong': 6} aug=95
  acc=0.7366 rate=0.2390 save=0.7610 MOrec=0.2308
Saved C:\Users\25875\gepa\outputs\computer_qa_disagree_scale_augment.json
d25_a25_aug50_w0.3__none seed=505 counts={'both_correct': 21, 'nano_only': 6, 'both_wrong': 11, 'mini_only': 12} aug=50
  acc=0.7805 rate=0.8683 save=0.1317 MOrec=0.8077
d25_a25_aug50_w0.3__none seed=606 counts={'both_correct': 19, 'mini_only': 13, 'both_wrong': 11, 'nano_only': 6} aug=50
  acc=0.7951 rate=0.9415 save=0.0585 MOrec=0.8846
d25_a25_aug50_w0.3__none seed=707 counts={'both_wrong': 10, 'both_correct': 22, 'mini_only': 12, 'nano_only': 6} aug=50
  acc=0.7902 rate=0.8000 save=0.2000 MOrec=0.8462
d25_a25_aug50_w0.3__none seed=808 counts={'mini_only': 13, 'both_correct': 24, 'both_wrong': 8, 'nano_only': 5} aug=50
  acc=0.7707 rate=0.4829 save=0.5171 MOrec=0.5769
d25_a25_aug50_w0.3__none seed=909 counts={'both_correct': 23, 'mini_only': 13, 'nano_only': 6, 'both_wrong': 6} aug=50
  acc=0.7122 rate=0.2000 save=0.8000 MOrec=0.0769
d25_a25_aug50_w0.3__mean_prob_l1 seed=505 counts={'both_correct': 21, 'nano_only': 6, 'both_wrong': 11, 'mini_only': 12} aug=50
  acc=0.7463 rate=0.3561 save=0.6439 MOrec=0.3077
d25_a25_aug50_w0.3__mean_prob_l1 seed=606 counts={'both_correct': 19, 'mini_only': 13, 'both_wrong': 11, 'nano_only': 6} aug=50
  acc=0.7463 rate=0.5220 save=0.4780 MOrec=0.4615
d25_a25_aug50_w0.3__mean_prob_l1 seed=707 counts={'both_wrong': 10, 'both_correct': 22, 'mini_only': 12, 'nano_only': 6} aug=50
  acc=0.7854 rate=0.7610 save=0.2390 MOrec=0.8077
d25_a25_aug50_w0.3__mean_prob_l1 seed=808 counts={'mini_only': 13, 'both_correct': 24, 'both_wrong': 8, 'nano_only': 5} aug=50
  acc=0.7463 rate=0.4244 save=0.5756 MOrec=0.4231
d25_a25_aug50_w0.3__mean_prob_l1 seed=909 counts={'both_correct': 23, 'mini_only': 13, 'nano_only': 6, 'both_wrong': 6} aug=50
  acc=0.7317 rate=0.3610 save=0.6390 MOrec=0.2692
d25_a25_augall_w0.3__none seed=505 counts={'both_correct': 21, 'nano_only': 6, 'both_wrong': 11, 'mini_only': 12} aug=92
  acc=0.7854 rate=0.7024 save=0.2976 MOrec=0.8077
d25_a25_augall_w0.3__none seed=606 counts={'both_correct': 19, 'mini_only': 13, 'both_wrong': 11, 'nano_only': 6} aug=94
  acc=0.8000 rate=0.8098 save=0.1902 MOrec=0.8846
d25_a25_augall_w0.3__none seed=707 counts={'both_wrong': 10, 'both_correct': 22, 'mini_only': 12, 'nano_only': 6} aug=92
  acc=0.8000 rate=0.8829 save=0.1171 MOrec=0.9231
d25_a25_augall_w0.3__none seed=808 counts={'mini_only': 13, 'both_correct': 24, 'both_wrong': 8, 'nano_only': 5} aug=92
  acc=0.7610 rate=0.4732 save=0.5268 MOrec=0.5000
d25_a25_augall_w0.3__none seed=909 counts={'both_correct': 23, 'mini_only': 13, 'nano_only': 6, 'both_wrong': 6} aug=95
  acc=0.7805 rate=0.8049 save=0.1951 MOrec=0.8077
d25_a25_augall_w0.3__mean_prob_l1 seed=505 counts={'both_correct': 21, 'nano_only': 6, 'both_wrong': 11, 'mini_only': 12} aug=92
  acc=0.7415 rate=0.2780 save=0.7220 MOrec=0.2692
d25_a25_augall_w0.3__mean_prob_l1 seed=606 counts={'both_correct': 19, 'mini_only': 13, 'both_wrong': 11, 'nano_only': 6} aug=94
  acc=0.7756 rate=0.7366 save=0.2634 MOrec=0.7308
d25_a25_augall_w0.3__mean_prob_l1 seed=707 counts={'both_wrong': 10, 'both_correct': 22, 'mini_only': 12, 'nano_only': 6} aug=92
  acc=0.8000 rate=0.7951 save=0.2049 MOrec=0.8846
d25_a25_augall_w0.3__mean_prob_l1 seed=808 counts={'mini_only': 13, 'both_correct': 24, 'both_wrong': 8, 'nano_only': 5} aug=92
  acc=0.7854 rate=0.8293 save=0.1707 MOrec=0.7692
d25_a25_augall_w0.3__mean_prob_l1 seed=909 counts={'both_correct': 23, 'mini_only': 13, 'nano_only': 6, 'both_wrong': 6} aug=95
  acc=0.8049 rate=0.9463 save=0.0537 MOrec=0.9615
Saved C:\Users\25875\gepa\outputs\computer_qa_disagree_scale_augment.json
