none seed=505
  diff       74.1 77.6 80.0
  neg_nano   74.6 75.6 79.0
none seed=606
  diff       75.6 76.1 78.0
  neg_nano   75.1 77.1 80.5
none seed=707
  diff       79.5 80.5 81.0
  neg_nano   73.7 78.0 80.5
none seed=808
  diff       73.2 74.1 76.6
  neg_nano   75.1 77.1 79.5
none seed=909
  diff       71.2 75.1 77.1
  neg_nano   72.7 75.1 77.6
mean_prob_l1 seed=505
  diff       76.6 78.0 80.0
  neg_nano   74.6 76.6 78.5
mean_prob_l1 seed=606
  diff       74.1 76.1 78.0
  neg_nano   75.1 76.6 78.0
mean_prob_l1 seed=707
  diff       77.1 78.5 80.5
  neg_nano   74.1 76.6 79.0
mean_prob_l1 seed=808
  diff       74.1 74.1 77.6
  neg_nano   73.2 76.1 78.0
mean_prob_l1 seed=909
  diff       72.2 75.1 78.5
  neg_nano   72.2 76.6 78.5
Saved C:\Users\25875\gepa\outputs\computer_qa_score_forms.json
