none seed=505
  q50 acc=0.7756 rate=0.5317
none seed=606
  q50 acc=0.7463 rate=0.5561
none seed=707
  q50 acc=0.7610 rate=0.4927
none seed=808
  q50 acc=0.7805 rate=0.5951
none seed=909
  q50 acc=0.7610 rate=0.4488
prior_pool seed=505
  q50 acc=0.7902 rate=0.4976
prior_pool seed=606
  q50 acc=0.7512 rate=0.5366
prior_pool seed=707
  q50 acc=0.7707 rate=0.4976
prior_pool seed=808
  q50 acc=0.7707 rate=0.5268
prior_pool seed=909
  q50 acc=0.7512 rate=0.4829
prior_train seed=505
  q50 acc=0.7707 rate=0.4878
prior_train seed=606
  q50 acc=0.7561 rate=0.4780
prior_train seed=707
  q50 acc=0.7902 rate=0.5805
prior_train seed=808
  q50 acc=0.7610 rate=0.5366
prior_train seed=909
  q50 acc=0.7463 rate=0.4634
Saved C:\Users\25875\gepa\outputs\computer_qa_singlehead_minimal.json
