routellm seed=505 train=25 val=25
  maxacc  acc=0.8950 rate=0.5250
  q50     acc=0.8900 rate=0.4600
routellm seed=606 train=25 val=25
  maxacc  acc=0.9100 rate=0.9400
  q50     acc=0.8600 rate=0.3950
routellm seed=707 train=25 val=25
  maxacc  acc=0.9150 rate=0.9500
  q50     acc=0.8800 rate=0.4150
routellm seed=808 train=25 val=25
  maxacc  acc=0.9150 rate=1.0000
  q50     acc=0.8700 rate=0.4650
routellm seed=909 train=25 val=25
  maxacc  acc=0.9150 rate=1.0000
  q50     acc=0.8700 rate=0.4350
frugalgpt seed=505 train=25 val=25
  maxacc  acc=0.9100 rate=0.8900
  q50     acc=0.8950 rate=0.5150
frugalgpt seed=606 train=25 val=25
  maxacc  acc=0.9100 rate=0.9250
  q50     acc=0.8850 rate=0.4350
frugalgpt seed=707 train=25 val=25
  maxacc  acc=0.9150 rate=0.9500
  q50     acc=0.8900 rate=0.5550
frugalgpt seed=808 train=25 val=25
  maxacc  acc=0.8900 rate=0.3600
  q50     acc=0.9050 rate=0.4900
frugalgpt seed=909 train=25 val=25
  maxacc  acc=0.9100 rate=0.7350
  q50     acc=0.9000 rate=0.3850
Saved C:\Users\25875\gepa\outputs\sembench_external_baselines.json
