d5_a25__none seed=505 counts={'both_correct': 23, 'mini_only': 5, 'both_wrong': 2} aug=0
  acc=0.8900 rate=0.4800 save=0.5200 MOrec=0.5000
d5_a25__none seed=606 counts={'mini_only': 4, 'both_correct': 25, 'nano_only': 1} aug=0
  acc=0.9150 rate=0.8000 save=0.2000 MOrec=0.9375
d5_a25__none seed=707 counts={'both_correct': 23, 'mini_only': 5, 'both_wrong': 2} aug=0
  acc=0.9000 rate=0.8800 save=0.1200 MOrec=0.8125
d5_a25__none seed=808 counts={'both_correct': 23, 'nano_only': 1, 'both_wrong': 2, 'mini_only': 4} aug=0
  acc=0.8750 rate=0.1950 save=0.8050 MOrec=0.3125
d5_a25__none seed=909 counts={'both_correct': 24, 'nano_only': 2, 'mini_only': 3, 'both_wrong': 1} aug=0
  acc=0.9100 rate=0.8650 save=0.1350 MOrec=0.8750
d5_a25__mean_prob_l1 seed=505 counts={'both_correct': 23, 'mini_only': 5, 'both_wrong': 2} aug=0
  acc=0.9000 rate=0.7250 save=0.2750 MOrec=0.8125
d5_a25__mean_prob_l1 seed=606 counts={'mini_only': 4, 'both_correct': 25, 'nano_only': 1} aug=0
  acc=0.8850 rate=0.5150 save=0.4850 MOrec=0.5000
d5_a25__mean_prob_l1 seed=707 counts={'both_correct': 23, 'mini_only': 5, 'both_wrong': 2} aug=0
  acc=0.9050 rate=0.9350 save=0.0650 MOrec=0.8750
d5_a25__mean_prob_l1 seed=808 counts={'both_correct': 23, 'nano_only': 1, 'both_wrong': 2, 'mini_only': 4} aug=0
  acc=0.8900 rate=0.6850 save=0.3150 MOrec=0.6875
d5_a25__mean_prob_l1 seed=909 counts={'both_correct': 24, 'nano_only': 2, 'mini_only': 3, 'both_wrong': 1} aug=0
  acc=0.9150 rate=0.9500 save=0.0500 MOrec=0.9375
d15_a25__none seed=505 counts={'both_correct': 23, 'both_wrong': 2, 'mini_only': 14, 'nano_only': 1} aug=0
  acc=0.9200 rate=0.7700 save=0.2300 MOrec=1.0000
d15_a25__none seed=606 counts={'both_correct': 25, 'mini_only': 14, 'nano_only': 1} aug=0
  acc=0.9000 rate=0.8550 save=0.1450 MOrec=0.8125
d15_a25__none seed=707 counts={'both_correct': 23, 'mini_only': 14, 'nano_only': 1, 'both_wrong': 2} aug=0
  acc=0.9100 rate=0.9000 save=0.1000 MOrec=0.9375
d15_a25__none seed=808 counts={'mini_only': 13, 'both_correct': 24, 'both_wrong': 1, 'nano_only': 2} aug=0
  acc=0.9100 rate=0.9150 save=0.0850 MOrec=0.9375
d15_a25__none seed=909 counts={'mini_only': 13, 'both_correct': 25, 'nano_only': 2} aug=0
  acc=0.8900 rate=0.5250 save=0.4750 MOrec=0.5625
d15_a25__mean_prob_l1 seed=505 counts={'both_correct': 23, 'both_wrong': 2, 'mini_only': 14, 'nano_only': 1} aug=0
  acc=0.8800 rate=0.6300 save=0.3700 MOrec=0.4375
d15_a25__mean_prob_l1 seed=606 counts={'both_correct': 25, 'mini_only': 14, 'nano_only': 1} aug=0
  acc=0.9050 rate=0.8150 save=0.1850 MOrec=0.8125
d15_a25__mean_prob_l1 seed=707 counts={'both_correct': 23, 'mini_only': 14, 'nano_only': 1, 'both_wrong': 2} aug=0
  acc=0.9050 rate=0.8850 save=0.1150 MOrec=0.8750
d15_a25__mean_prob_l1 seed=808 counts={'mini_only': 13, 'both_correct': 24, 'both_wrong': 1, 'nano_only': 2} aug=0
  acc=0.8650 rate=0.2600 save=0.7400 MOrec=0.1875
d15_a25__mean_prob_l1 seed=909 counts={'mini_only': 13, 'both_correct': 25, 'nano_only': 2} aug=0
  acc=0.8950 rate=0.5450 save=0.4550 MOrec=0.6875
d25_a25__none seed=808 counts={'both_correct': 23, 'mini_only': 22, 'both_wrong': 2, 'nano_only': 3} aug=0
  acc=0.8750 rate=0.5600 save=0.4400 MOrec=0.3750
d25_a25__none seed=909 counts={'both_correct': 25, 'mini_only': 22, 'nano_only': 3} aug=0
  acc=0.8950 rate=0.6350 save=0.3650 MOrec=0.6250
d25_a25__mean_prob_l1 seed=808 counts={'both_correct': 23, 'mini_only': 22, 'both_wrong': 2, 'nano_only': 3} aug=0
  acc=0.8600 rate=0.3200 save=0.6800 MOrec=0.1250
d25_a25__mean_prob_l1 seed=909 counts={'both_correct': 25, 'mini_only': 22, 'nano_only': 3} aug=0
  acc=0.9100 rate=0.9000 save=0.1000 MOrec=0.8750
d35_a25__none seed=505 counts={'mini_only': 30, 'both_correct': 21, 'nano_only': 5, 'both_wrong': 4} aug=0
  acc=0.8900 rate=0.5900 save=0.4100 MOrec=0.6875
d35_a25__none seed=606 counts={'both_correct': 23, 'mini_only': 32, 'nano_only': 3, 'both_wrong': 2} aug=0
  acc=0.8950 rate=0.7200 save=0.2800 MOrec=0.5625
d35_a25__none seed=707 counts={'both_correct': 25, 'mini_only': 32, 'nano_only': 3} aug=0
  acc=0.8700 rate=0.2050 save=0.7950 MOrec=0.3125
d35_a25__none seed=808 counts={'mini_only': 30, 'both_wrong': 2, 'both_correct': 23, 'nano_only': 5} aug=0
  acc=0.9100 rate=0.9550 save=0.0450 MOrec=0.9375
d35_a25__none seed=909 counts={'mini_only': 31, 'both_correct': 25, 'nano_only': 4} aug=0
  acc=0.9050 rate=0.5850 save=0.4150 MOrec=0.6875
d35_a25__mean_prob_l1 seed=505 counts={'mini_only': 30, 'both_correct': 21, 'nano_only': 5, 'both_wrong': 4} aug=0
  acc=0.8700 rate=0.5000 save=0.5000 MOrec=0.3125
d35_a25__mean_prob_l1 seed=606 counts={'both_correct': 23, 'mini_only': 32, 'nano_only': 3, 'both_wrong': 2} aug=0
  acc=0.8800 rate=0.3800 save=0.6200 MOrec=0.3750
d35_a25__mean_prob_l1 seed=707 counts={'both_correct': 25, 'mini_only': 32, 'nano_only': 3} aug=0
  acc=0.8850 rate=0.3250 save=0.6750 MOrec=0.5000
d35_a25__mean_prob_l1 seed=808 counts={'mini_only': 30, 'both_wrong': 2, 'both_correct': 23, 'nano_only': 5} aug=0
  acc=0.8650 rate=0.3350 save=0.6650 MOrec=0.1875
d35_a25__mean_prob_l1 seed=909 counts={'mini_only': 31, 'both_correct': 25, 'nano_only': 4} aug=0
  acc=0.9000 rate=0.6650 save=0.3350 MOrec=0.6875
dall_a25__none seed=505 counts={'both_correct': 25, 'mini_only': 46, 'nano_only': 7} aug=0
  acc=0.8500 rate=0.1400 save=0.8600 MOrec=0.0625
dall_a25__none seed=606 counts={'mini_only': 46, 'nano_only': 7, 'both_correct': 22, 'both_wrong': 3} aug=0
  acc=0.8450 rate=0.2100 save=0.7900 MOrec=0.0000
dall_a25__none seed=707 counts={'both_correct': 23, 'mini_only': 46, 'nano_only': 7, 'both_wrong': 2} aug=0
  acc=0.9000 rate=0.6550 save=0.3450 MOrec=0.7500
dall_a25__none seed=808 counts={'mini_only': 46, 'both_correct': 24, 'nano_only': 7, 'both_wrong': 1} aug=0
  acc=0.8900 rate=0.6050 save=0.3950 MOrec=0.6250
dall_a25__none seed=909 counts={'both_correct': 25, 'mini_only': 46, 'nano_only': 7} aug=0
  acc=0.9000 rate=0.4450 save=0.5550 MOrec=0.6875
dall_a25__mean_prob_l1 seed=505 counts={'both_correct': 25, 'mini_only': 46, 'nano_only': 7} aug=0
  acc=0.8950 rate=0.5350 save=0.4650 MOrec=0.6250
dall_a25__mean_prob_l1 seed=606 counts={'mini_only': 46, 'nano_only': 7, 'both_correct': 22, 'both_wrong': 3} aug=0
  acc=0.8650 rate=0.5350 save=0.4650 MOrec=0.3750
dall_a25__mean_prob_l1 seed=707 counts={'both_correct': 23, 'mini_only': 46, 'nano_only': 7, 'both_wrong': 2} aug=0
  acc=0.8950 rate=0.4600 save=0.5400 MOrec=0.6250
dall_a25__mean_prob_l1 seed=808 counts={'mini_only': 46, 'both_correct': 24, 'nano_only': 7, 'both_wrong': 1} aug=0
  acc=0.8900 rate=0.4700 save=0.5300 MOrec=0.5625
dall_a25__mean_prob_l1 seed=909 counts={'both_correct': 25, 'mini_only': 46, 'nano_only': 7} aug=0
  acc=0.8800 rate=0.4400 save=0.5600 MOrec=0.5000
random30__none seed=505 counts={'both_correct': 25, 'mini_only': 3, 'both_wrong': 2} aug=0
  acc=0.8850 rate=0.7100 save=0.2900 MOrec=0.5000
random30__none seed=606 counts={'both_correct': 26, 'mini_only': 3, 'both_wrong': 1} aug=0
  acc=0.8950 rate=0.5650 save=0.4350 MOrec=0.7500
random30__none seed=707 counts={'both_correct': 28, 'both_wrong': 1, 'mini_only': 1} aug=0
  acc=0.8600 rate=0.2350 save=0.7650 MOrec=0.1250
random30__none seed=808 counts={'both_correct': 25, 'both_wrong': 4, 'mini_only': 1} aug=0
  acc=0.9150 rate=0.9450 save=0.0550 MOrec=1.0000
random30__none seed=909 counts={'both_correct': 29, 'mini_only': 1} aug=0
  acc=0.8650 rate=0.4500 save=0.5500 MOrec=0.3750
random30__mean_prob_l1 seed=505 counts={'both_correct': 25, 'mini_only': 3, 'both_wrong': 2} aug=0
  acc=0.8600 rate=0.3300 save=0.6700 MOrec=0.1250
random30__mean_prob_l1 seed=606 counts={'both_correct': 26, 'mini_only': 3, 'both_wrong': 1} aug=0
  acc=0.8850 rate=0.5200 save=0.4800 MOrec=0.6250
random30__mean_prob_l1 seed=707 counts={'both_correct': 28, 'both_wrong': 1, 'mini_only': 1} aug=0
  acc=0.8850 rate=0.5600 save=0.4400 MOrec=0.5625
random30__mean_prob_l1 seed=808 counts={'both_correct': 25, 'both_wrong': 4, 'mini_only': 1} aug=0
  acc=0.8850 rate=0.6650 save=0.3350 MOrec=0.5625
random30__mean_prob_l1 seed=909 counts={'both_correct': 29, 'mini_only': 1} aug=0
  acc=0.8900 rate=0.5350 save=0.4650 MOrec=0.6875
random40__none seed=505 counts={'both_correct': 36, 'mini_only': 2, 'both_wrong': 2} aug=0
  acc=0.9050 rate=0.8450 save=0.1550 MOrec=0.8750
random40__none seed=606 counts={'both_correct': 34, 'mini_only': 3, 'both_wrong': 3} aug=0
  acc=0.9100 rate=0.8600 save=0.1400 MOrec=0.8750
random40__none seed=707 counts={'both_correct': 30, 'both_wrong': 3, 'mini_only': 6, 'nano_only': 1} aug=0
  acc=0.9050 rate=0.9300 save=0.0700 MOrec=0.8750
random40__none seed=808 counts={'both_correct': 35, 'both_wrong': 3, 'nano_only': 1, 'mini_only': 1} aug=0
random40__none seed=808 counts={'both_correct': 35, 'both_wrong': 3, 'nano_only': 1, 'mini_only': 1} aug=0
  acc=0.9000 rate=0.8150 save=0.1850 MOrec=0.7500
random40__none seed=909 counts={'both_correct': 37, 'both_wrong': 2, 'mini_only': 1} aug=0
  acc=0.8950 rate=0.6400 save=0.3600 MOrec=0.7500
random40__mean_prob_l1 seed=505 counts={'both_correct': 36, 'mini_only': 2, 'both_wrong': 2} aug=0
  acc=0.8700 rate=0.2850 save=0.7150 MOrec=0.3750
random40__mean_prob_l1 seed=606 counts={'both_correct': 34, 'mini_only': 3, 'both_wrong': 3} aug=0
  acc=0.8950 rate=0.4800 save=0.5200 MOrec=0.6250
random40__mean_prob_l1 seed=707 counts={'both_correct': 30, 'both_wrong': 3, 'mini_only': 6, 'nano_only': 1} aug=0
  acc=0.9100 rate=0.9500 save=0.0500 MOrec=0.9375
random40__mean_prob_l1 seed=808 counts={'both_correct': 35, 'both_wrong': 3, 'nano_only': 1, 'mini_only': 1} aug=0
  acc=0.8800 rate=0.3950 save=0.6050 MOrec=0.3750
random40__mean_prob_l1 seed=909 counts={'both_correct': 37, 'both_wrong': 2, 'mini_only': 1} aug=0
  acc=0.8700 rate=0.3450 save=0.6550 MOrec=0.3125
random50__none seed=808 counts={'both_correct': 43, 'mini_only': 3, 'both_wrong': 4} aug=0
  acc=0.8800 rate=0.2900 save=0.7100 MOrec=0.3750
random50__none seed=909 counts={'both_correct': 43, 'mini_only': 6, 'both_wrong': 1} aug=0
  acc=0.9150 rate=0.9550 save=0.0450 MOrec=1.0000
random50__mean_prob_l1 seed=808 counts={'both_correct': 43, 'mini_only': 3, 'both_wrong': 4} aug=0
  acc=0.8800 rate=0.5100 save=0.4900 MOrec=0.3750
random50__mean_prob_l1 seed=909 counts={'both_correct': 43, 'mini_only': 6, 'both_wrong': 1} aug=0
  acc=0.9150 rate=0.9450 save=0.0550 MOrec=1.0000
random60__none seed=505 counts={'both_correct': 47, 'both_wrong': 6, 'nano_only': 2, 'mini_only': 5} aug=0
  acc=0.8850 rate=0.5250 save=0.4750 MOrec=0.5625
random60__none seed=606 counts={'both_correct': 55, 'mini_only': 4, 'both_wrong': 1} aug=0
  acc=0.8800 rate=0.3100 save=0.6900 MOrec=0.4375
random60__none seed=707 counts={'both_correct': 53, 'mini_only': 3, 'both_wrong': 4} aug=0
  acc=0.9150 rate=0.9550 save=0.0450 MOrec=1.0000
random60__none seed=808 counts={'both_correct': 52, 'mini_only': 6, 'both_wrong': 2} aug=0
  acc=0.8550 rate=0.3450 save=0.6550 MOrec=0.1250
random60__none seed=909 counts={'both_correct': 48, 'mini_only': 6, 'both_wrong': 6} aug=0
  acc=0.8600 rate=0.1450 save=0.8550 MOrec=0.1875
random60__mean_prob_l1 seed=505 counts={'both_correct': 47, 'both_wrong': 6, 'nano_only': 2, 'mini_only': 5} aug=0
  acc=0.9050 rate=0.7100 save=0.2900 MOrec=0.8750
random60__mean_prob_l1 seed=606 counts={'both_correct': 55, 'mini_only': 4, 'both_wrong': 1} aug=0
  acc=0.8800 rate=0.5350 save=0.4650 MOrec=0.5000
random60__mean_prob_l1 seed=707 counts={'both_correct': 53, 'mini_only': 3, 'both_wrong': 4} aug=0
  acc=0.9100 rate=0.9350 save=0.0650 MOrec=0.9375
random60__mean_prob_l1 seed=808 counts={'both_correct': 52, 'mini_only': 6, 'both_wrong': 2} aug=0
  acc=0.9100 rate=0.9650 save=0.0350 MOrec=0.9375
random60__mean_prob_l1 seed=909 counts={'both_correct': 48, 'mini_only': 6, 'both_wrong': 6} aug=0
  acc=0.8950 rate=0.7800 save=0.2200 MOrec=0.6875
random78__none seed=505 counts={'both_correct': 75, 'mini_only': 2, 'nano_only': 1} aug=0
  acc=0.9050 rate=0.6550 save=0.3450 MOrec=0.8125
random78__none seed=606 counts={'both_correct': 69, 'mini_only': 4, 'both_wrong': 5} aug=0
  acc=0.8700 rate=0.5350 save=0.4650 MOrec=0.3125
random78__none seed=707 counts={'both_correct': 67, 'both_wrong': 4, 'mini_only': 6, 'nano_only': 1} aug=0
  acc=0.9050 rate=0.9150 save=0.0850 MOrec=0.8750
random78__none seed=808 counts={'both_correct': 68, 'mini_only': 8, 'both_wrong': 2} aug=0
  acc=0.8500 rate=0.0950 save=0.9050 MOrec=0.0000
random78__none seed=909 counts={'both_correct': 73, 'mini_only': 3, 'both_wrong': 2} aug=0
  acc=0.8600 rate=0.2900 save=0.7100 MOrec=0.1875
random78__mean_prob_l1 seed=505 counts={'both_correct': 75, 'mini_only': 2, 'nano_only': 1} aug=0
  acc=0.8950 rate=0.8400 save=0.1600 MOrec=0.7500
random78__mean_prob_l1 seed=606 counts={'both_correct': 69, 'mini_only': 4, 'both_wrong': 5} aug=0
  acc=0.8950 rate=0.5800 save=0.4200 MOrec=0.6875
random78__mean_prob_l1 seed=707 counts={'both_correct': 67, 'both_wrong': 4, 'mini_only': 6, 'nano_only': 1} aug=0
  acc=0.9150 rate=0.9750 save=0.0250 MOrec=1.0000
random78__mean_prob_l1 seed=808 counts={'both_correct': 68, 'mini_only': 8, 'both_wrong': 2} aug=0
  acc=0.8500 rate=0.0850 save=0.9150 MOrec=0.0000
random78__mean_prob_l1 seed=909 counts={'both_correct': 73, 'mini_only': 3, 'both_wrong': 2} aug=0
  acc=0.8800 rate=0.5050 save=0.4950 MOrec=0.5000
d25_a25_aug100__none seed=505 counts={'mini_only': 21, 'both_correct': 21, 'nano_only': 4, 'both_wrong': 4} aug=100
  acc=0.8650 rate=0.4500 save=0.5500 MOrec=0.3125
d25_a25_aug100__none seed=606 counts={'mini_only': 23, 'both_correct': 25, 'nano_only': 2} aug=100
  acc=0.9100 rate=0.8950 save=0.1050 MOrec=0.9375
d25_a25_aug100__none seed=707 counts={'both_correct': 24, 'mini_only': 22, 'both_wrong': 1, 'nano_only': 3} aug=100
  acc=0.8750 rate=0.3950 save=0.6050 MOrec=0.4375
d25_a25_aug100__none seed=808 counts={'both_correct': 23, 'mini_only': 22, 'both_wrong': 2, 'nano_only': 3} aug=100
  acc=0.8700 rate=0.5650 save=0.4350 MOrec=0.2500
d25_a25_aug100__none seed=909 counts={'both_correct': 25, 'mini_only': 22, 'nano_only': 3} aug=100
  acc=0.9050 rate=0.6150 save=0.3850 MOrec=0.8750
d25_a25_aug100__mean_prob_l1 seed=505 counts={'mini_only': 21, 'both_correct': 21, 'nano_only': 4, 'both_wrong': 4} aug=100
  acc=0.8750 rate=0.3700 save=0.6300 MOrec=0.3125
d25_a25_aug100__mean_prob_l1 seed=606 counts={'mini_only': 23, 'both_correct': 25, 'nano_only': 2} aug=100
  acc=0.9100 rate=0.6750 save=0.3250 MOrec=0.8750
d25_a25_aug100__mean_prob_l1 seed=707 counts={'both_correct': 24, 'mini_only': 22, 'both_wrong': 1, 'nano_only': 3} aug=100
  acc=0.8900 rate=0.5600 save=0.4400 MOrec=0.6250
d25_a25_aug100__mean_prob_l1 seed=808 counts={'both_correct': 23, 'mini_only': 22, 'both_wrong': 2, 'nano_only': 3} aug=100
  acc=0.8600 rate=0.3300 save=0.6700 MOrec=0.1875
d25_a25_aug100__mean_prob_l1 seed=909 counts={'both_correct': 25, 'mini_only': 22, 'nano_only': 3} aug=100
  acc=0.9100 rate=0.7250 save=0.2750 MOrec=0.9375
d25_a25_aug300__none seed=505 counts={'mini_only': 21, 'both_correct': 21, 'nano_only': 4, 'both_wrong': 4} aug=300
  acc=0.8750 rate=0.2150 save=0.7850 MOrec=0.3125
d25_a25_aug300__none seed=606 counts={'mini_only': 23, 'both_correct': 25, 'nano_only': 2} aug=300
  acc=0.9050 rate=0.8850 save=0.1150 MOrec=0.8750
d25_a25_aug300__none seed=707 counts={'both_correct': 24, 'mini_only': 22, 'both_wrong': 1, 'nano_only': 3} aug=300
  acc=0.8900 rate=0.5750 save=0.4250 MOrec=0.6875
d25_a25_aug300__none seed=808 counts={'both_correct': 23, 'mini_only': 22, 'both_wrong': 2, 'nano_only': 3} aug=300
  acc=0.9100 rate=0.8500 save=0.1500 MOrec=0.9375
d25_a25_aug300__none seed=909 counts={'both_correct': 25, 'mini_only': 22, 'nano_only': 3} aug=300
  acc=0.8750 rate=0.2400 save=0.7600 MOrec=0.3125
d25_a25_aug300__mean_prob_l1 seed=505 counts={'mini_only': 21, 'both_correct': 21, 'nano_only': 4, 'both_wrong': 4} aug=300
  acc=0.8600 rate=0.4500 save=0.5500 MOrec=0.1875
d25_a25_aug300__mean_prob_l1 seed=606 counts={'mini_only': 23, 'both_correct': 25, 'nano_only': 2} aug=300
  acc=0.9000 rate=0.8100 save=0.1900 MOrec=0.8125
d25_a25_aug300__mean_prob_l1 seed=707 counts={'both_correct': 24, 'mini_only': 22, 'both_wrong': 1, 'nano_only': 3} aug=300
  acc=0.9000 rate=0.7150 save=0.2850 MOrec=0.8125
d25_a25_aug300__mean_prob_l1 seed=808 counts={'both_correct': 23, 'mini_only': 22, 'both_wrong': 2, 'nano_only': 3} aug=300
  acc=0.9100 rate=0.9600 save=0.0400 MOrec=0.9375
d25_a25_aug300__mean_prob_l1 seed=909 counts={'both_correct': 25, 'mini_only': 22, 'nano_only': 3} aug=300
  acc=0.9100 rate=0.8850 save=0.1150 MOrec=0.9375
d25_a25_augall__none seed=505 counts={'mini_only': 21, 'both_correct': 21, 'nano_only': 4, 'both_wrong': 4} aug=612
  acc=0.9050 rate=0.6700 save=0.3300 MOrec=0.8125
d25_a25_augall__none seed=606 counts={'mini_only': 23, 'both_correct': 25, 'nano_only': 2} aug=612
  acc=0.9150 rate=0.9350 save=0.0650 MOrec=1.0000
d25_a25_augall__none seed=707 counts={'both_correct': 24, 'mini_only': 22, 'both_wrong': 1, 'nano_only': 3} aug=612
  acc=0.8800 rate=0.4700 save=0.5300 MOrec=0.5000
d25_a25_augall__none seed=808 counts={'both_correct': 23, 'mini_only': 22, 'both_wrong': 2, 'nano_only': 3} aug=612
  acc=0.9000 rate=0.8650 save=0.1350 MOrec=0.8125
d25_a25_augall__none seed=909 counts={'both_correct': 25, 'mini_only': 22, 'nano_only': 3} aug=612
  acc=0.8950 rate=0.6200 save=0.3800 MOrec=0.6250
d25_a25_augall__mean_prob_l1 seed=505 counts={'mini_only': 21, 'both_correct': 21, 'nano_only': 4, 'both_wrong': 4} aug=612
  acc=0.8800 rate=0.2800 save=0.7200 MOrec=0.3750
d25_a25_augall__mean_prob_l1 seed=606 counts={'mini_only': 23, 'both_correct': 25, 'nano_only': 2} aug=612
  acc=0.9050 rate=0.8800 save=0.1200 MOrec=0.8750
d25_a25_augall__mean_prob_l1 seed=707 counts={'both_correct': 24, 'mini_only': 22, 'both_wrong': 1, 'nano_only': 3} aug=612
  acc=0.8900 rate=0.5800 save=0.4200 MOrec=0.6250
d25_a25_augall__mean_prob_l1 seed=808 counts={'both_correct': 23, 'mini_only': 22, 'both_wrong': 2, 'nano_only': 3} aug=612
  acc=0.8800 rate=0.6550 save=0.3450 MOrec=0.5000
d25_a25_augall__mean_prob_l1 seed=909 counts={'both_correct': 25, 'mini_only': 22, 'nano_only': 3} aug=612
  acc=0.8900 rate=0.4400 save=0.5600 MOrec=0.5000
Saved C:\Users\25875\gepa\outputs\sembench_disagree_scale_augment.json
d25_a25_aug100_w0.3__none seed=505 counts={'mini_only': 21, 'both_correct': 21, 'nano_only': 4, 'both_wrong': 4} aug=100
  acc=0.8550 rate=0.2000 save=0.8000 MOrec=0.0625
d25_a25_aug100_w0.3__none seed=606 counts={'mini_only': 23, 'both_correct': 25, 'nano_only': 2} aug=100
  acc=0.9100 rate=0.7100 save=0.2900 MOrec=0.8750
d25_a25_aug100_w0.3__none seed=707 counts={'both_correct': 24, 'mini_only': 22, 'both_wrong': 1, 'nano_only': 3} aug=100
  acc=0.8750 rate=0.2150 save=0.7850 MOrec=0.3750
d25_a25_aug100_w0.3__none seed=808 counts={'both_correct': 23, 'mini_only': 22, 'both_wrong': 2, 'nano_only': 3} aug=100
  acc=0.8700 rate=0.4350 save=0.5650 MOrec=0.3125
d25_a25_aug100_w0.3__none seed=909 counts={'both_correct': 25, 'mini_only': 22, 'nano_only': 3} aug=100
  acc=0.9150 rate=0.7800 save=0.2200 MOrec=0.9375
d25_a25_aug100_w0.3__mean_prob_l1 seed=505 counts={'mini_only': 21, 'both_correct': 21, 'nano_only': 4, 'both_wrong': 4} aug=100
  acc=0.8700 rate=0.3550 save=0.6450 MOrec=0.2500
d25_a25_aug100_w0.3__mean_prob_l1 seed=606 counts={'mini_only': 23, 'both_correct': 25, 'nano_only': 2} aug=100
  acc=0.9000 rate=0.7550 save=0.2450 MOrec=0.7500
d25_a25_aug100_w0.3__mean_prob_l1 seed=707 counts={'both_correct': 24, 'mini_only': 22, 'both_wrong': 1, 'nano_only': 3} aug=100
  acc=0.8900 rate=0.5300 save=0.4700 MOrec=0.6250
d25_a25_aug100_w0.3__mean_prob_l1 seed=808 counts={'both_correct': 23, 'mini_only': 22, 'both_wrong': 2, 'nano_only': 3} aug=100
  acc=0.8850 rate=0.7250 save=0.2750 MOrec=0.5625
d25_a25_aug100_w0.3__mean_prob_l1 seed=909 counts={'both_correct': 25, 'mini_only': 22, 'nano_only': 3} aug=100
  acc=0.9100 rate=0.8550 save=0.1450 MOrec=0.9375
d25_a25_aug300_w0.3__none seed=505 counts={'mini_only': 21, 'both_correct': 21, 'nano_only': 4, 'both_wrong': 4} aug=300
  acc=0.8750 rate=0.4900 save=0.5100 MOrec=0.4375
d25_a25_aug300_w0.3__none seed=606 counts={'mini_only': 23, 'both_correct': 25, 'nano_only': 2} aug=300
  acc=0.9050 rate=0.8400 save=0.1600 MOrec=0.8125
d25_a25_aug300_w0.3__none seed=707 counts={'both_correct': 24, 'mini_only': 22, 'both_wrong': 1, 'nano_only': 3} aug=300
  acc=0.9000 rate=0.5950 save=0.4050 MOrec=0.8125
d25_a25_aug300_w0.3__none seed=808 counts={'both_correct': 23, 'mini_only': 22, 'both_wrong': 2, 'nano_only': 3} aug=300
  acc=0.9000 rate=0.8550 save=0.1450 MOrec=0.8125
d25_a25_aug300_w0.3__none seed=909 counts={'both_correct': 25, 'mini_only': 22, 'nano_only': 3} aug=300
  acc=0.8900 rate=0.3800 save=0.6200 MOrec=0.5000
d25_a25_aug300_w0.3__mean_prob_l1 seed=505 counts={'mini_only': 21, 'both_correct': 21, 'nano_only': 4, 'both_wrong': 4} aug=300
  acc=0.8800 rate=0.5900 save=0.4100 MOrec=0.4375
d25_a25_aug300_w0.3__mean_prob_l1 seed=606 counts={'mini_only': 23, 'both_correct': 25, 'nano_only': 2} aug=300
  acc=0.9050 rate=0.8150 save=0.1850 MOrec=0.8125
d25_a25_aug300_w0.3__mean_prob_l1 seed=707 counts={'both_correct': 24, 'mini_only': 22, 'both_wrong': 1, 'nano_only': 3} aug=300
  acc=0.8950 rate=0.7550 save=0.2450 MOrec=0.7500
d25_a25_aug300_w0.3__mean_prob_l1 seed=808 counts={'both_correct': 23, 'mini_only': 22, 'both_wrong': 2, 'nano_only': 3} aug=300
  acc=0.8750 rate=0.3300 save=0.6700 MOrec=0.3125
d25_a25_aug300_w0.3__mean_prob_l1 seed=909 counts={'both_correct': 25, 'mini_only': 22, 'nano_only': 3} aug=300
  acc=0.9000 rate=0.7500 save=0.2500 MOrec=0.7500
d25_a25_augall_w0.3__none seed=505 counts={'mini_only': 21, 'both_correct': 21, 'nano_only': 4, 'both_wrong': 4} aug=612
  acc=0.8650 rate=0.4300 save=0.5700 MOrec=0.2500
d25_a25_augall_w0.3__none seed=606 counts={'mini_only': 23, 'both_correct': 25, 'nano_only': 2} aug=612
  acc=0.9050 rate=0.8850 save=0.1150 MOrec=0.8750
d25_a25_augall_w0.3__none seed=707 counts={'both_correct': 24, 'mini_only': 22, 'both_wrong': 1, 'nano_only': 3} aug=612
  acc=0.8750 rate=0.4950 save=0.5050 MOrec=0.4375
d25_a25_augall_w0.3__none seed=808 counts={'both_correct': 23, 'mini_only': 22, 'both_wrong': 2, 'nano_only': 3} aug=612
  acc=0.8950 rate=0.9050 save=0.0950 MOrec=0.7500
d25_a25_augall_w0.3__none seed=909 counts={'both_correct': 25, 'mini_only': 22, 'nano_only': 3} aug=612
  acc=0.8950 rate=0.4700 save=0.5300 MOrec=0.6250
d25_a25_augall_w0.3__mean_prob_l1 seed=505 counts={'mini_only': 21, 'both_correct': 21, 'nano_only': 4, 'both_wrong': 4} aug=612
  acc=0.8500 rate=0.0950 save=0.9050 MOrec=0.0000
d25_a25_augall_w0.3__mean_prob_l1 seed=606 counts={'mini_only': 23, 'both_correct': 25, 'nano_only': 2} aug=612
  acc=0.9100 rate=0.9050 save=0.0950 MOrec=0.9375
d25_a25_augall_w0.3__mean_prob_l1 seed=707 counts={'both_correct': 24, 'mini_only': 22, 'both_wrong': 1, 'nano_only': 3} aug=612
  acc=0.8900 rate=0.6100 save=0.3900 MOrec=0.6250
d25_a25_augall_w0.3__mean_prob_l1 seed=808 counts={'both_correct': 23, 'mini_only': 22, 'both_wrong': 2, 'nano_only': 3} aug=612
  acc=0.8700 rate=0.5550 save=0.4450 MOrec=0.3750
d25_a25_augall_w0.3__mean_prob_l1 seed=909 counts={'both_correct': 25, 'mini_only': 22, 'nano_only': 3} aug=612
  acc=0.8900 rate=0.5900 save=0.4100 MOrec=0.6250
Saved C:\Users\25875\gepa\outputs\sembench_disagree_scale_augment.json
