t25_v25__none seed=505 train=25 val=25 (informative=18)
  maxacc  acc=0.9050 rate=0.7800
  cap50   acc=0.8750 rate=0.3200
  q50     acc=0.8850 rate=0.4550
t25_v25__none seed=606 train=25 val=25 (informative=18)
  maxacc  acc=0.9000 rate=0.7550
  cap50   acc=0.8600 rate=0.3000
  q50     acc=0.8650 rate=0.3800
t25_v25__none seed=707 train=25 val=25 (informative=18)
  maxacc  acc=0.9100 rate=0.9300
  cap50   acc=0.8850 rate=0.3500
  q50     acc=0.9000 rate=0.4750
t25_v25__none seed=808 train=25 val=25 (informative=18)
  maxacc  acc=0.9150 rate=0.8850
  cap50   acc=0.8800 rate=0.4350
  q50     acc=0.8800 rate=0.4400
t25_v25__none seed=909 train=25 val=25 (informative=18)
  maxacc  acc=0.9100 rate=0.9250
  cap50   acc=0.8850 rate=0.5350
  q50     acc=0.8800 rate=0.4950
t25_v25__mean_prob_l1 seed=505 train=25 val=25 (informative=18)
  maxacc  acc=0.9050 rate=0.7850
  cap50   acc=0.8800 rate=0.2250
  q50     acc=0.9000 rate=0.5700
t25_v25__mean_prob_l1 seed=606 train=25 val=25 (informative=18)
  maxacc  acc=0.8950 rate=0.7250
  cap50   acc=0.8700 rate=0.2050
  q50     acc=0.8700 rate=0.4050
t25_v25__mean_prob_l1 seed=707 train=25 val=25 (informative=18)
  maxacc  acc=0.9100 rate=0.9350
  cap50   acc=0.8700 rate=0.5500
  q50     acc=0.8800 rate=0.5600
t25_v25__mean_prob_l1 seed=808 train=25 val=25 (informative=18)
  maxacc  acc=0.9150 rate=0.8800
  cap50   acc=0.8700 rate=0.3500
  q50     acc=0.8750 rate=0.5450
t25_v25__mean_prob_l1 seed=909 train=25 val=25 (informative=18)
  maxacc  acc=0.8900 rate=0.7800
  cap50   acc=0.8850 rate=0.5100
  q50     acc=0.8750 rate=0.4800
t30_v20__none seed=505 train=30 val=20 (informative=15)
  maxacc  acc=0.9150 rate=1.0000
  cap50   acc=0.8700 rate=0.2900
  q50     acc=0.8700 rate=0.4750
t30_v20__none seed=606 train=30 val=20 (informative=15)
  maxacc  acc=0.8800 rate=0.3850
  cap50   acc=0.8750 rate=0.3650
  q50     acc=0.8800 rate=0.5300
t30_v20__none seed=707 train=30 val=20 (informative=15)
  maxacc  acc=0.9050 rate=0.7000
  cap50   acc=0.8650 rate=0.4000
  q50     acc=0.8650 rate=0.4350
t30_v20__none seed=808 train=30 val=20 (informative=15)
  maxacc  acc=0.9100 rate=0.9300
  cap50   acc=0.8750 rate=0.5100
  q50     acc=0.8750 rate=0.5100
t30_v20__none seed=909 train=30 val=20 (informative=15)
  maxacc  acc=0.9000 rate=0.7100
  cap50   acc=0.8950 rate=0.6250
  q50     acc=0.8800 rate=0.5500
t30_v20__mean_prob_l1 seed=505 train=30 val=20 (informative=15)
  maxacc  acc=0.8900 rate=0.6950
  cap50   acc=0.8800 rate=0.4800
  q50     acc=0.8850 rate=0.4650
t30_v20__mean_prob_l1 seed=606 train=30 val=20 (informative=15)
  maxacc  acc=0.8850 rate=0.5600
  cap50   acc=0.8850 rate=0.4650
  q50     acc=0.8850 rate=0.5450
t30_v20__mean_prob_l1 seed=707 train=30 val=20 (informative=15)
  maxacc  acc=0.9050 rate=0.9300
  cap50   acc=0.8850 rate=0.6250
  q50     acc=0.8850 rate=0.4750
t30_v20__mean_prob_l1 seed=808 train=30 val=20 (informative=15)
  maxacc  acc=0.9150 rate=1.0000
  cap50   acc=0.8800 rate=0.6050
  q50     acc=0.8700 rate=0.4600
t30_v20__mean_prob_l1 seed=909 train=30 val=20 (informative=15)
  maxacc  acc=0.9150 rate=0.9750
  cap50   acc=0.8800 rate=0.5200
  q50     acc=0.8800 rate=0.5400
Saved C:\Users\25875\gepa\outputs\sembench_50label_budget.json
