none seed=505
  diff       86.5 87.0 88.5
  neg_nano   87.0 89.0 90.5
none seed=606
  diff       88.0 89.5 90.0
  neg_nano   86.5 89.0 90.5
none seed=707
  diff       86.0 87.5 88.5
  neg_nano   87.0 87.0 87.5
none seed=808
  diff       87.0 90.0 90.0
  neg_nano   88.0 89.5 90.5
none seed=909
  diff       86.5 87.0 89.0
  neg_nano   87.0 88.5 89.5
mean_prob_l1 seed=505
  diff       86.0 87.0 88.5
  neg_nano   87.5 88.5 89.5
mean_prob_l1 seed=606
  diff       86.5 88.0 90.5
  neg_nano   85.5 88.0 91.0
mean_prob_l1 seed=707
  diff       86.5 87.5 88.0
  neg_nano   87.0 87.5 88.0
mean_prob_l1 seed=808
  diff       89.0 90.0 90.5
  neg_nano   87.0 90.0 91.0
mean_prob_l1 seed=909
  diff       88.5 89.0 89.0
  neg_nano   87.5 89.5 89.5
Saved C:\Users\25875\gepa\outputs\sembench_score_forms.json
