random25 seed=505
  maxacc  acc=0.9050 rate=0.8350 bw_waste=0.08
  q30     acc=0.8650 rate=0.2000 bw_waste=0.07
random25 seed=606
  maxacc  acc=0.9050 rate=0.7300 bw_waste=0.08
  q30     acc=0.8550 rate=0.2750 bw_waste=0.18
random25 seed=707
  maxacc  acc=0.9100 rate=0.6850 bw_waste=0.08
  q30     acc=0.8850 rate=0.2600 bw_waste=0.12
random25 seed=808
  maxacc  acc=0.9150 rate=0.8300 bw_waste=0.07
  q30     acc=0.8900 rate=0.3000 bw_waste=0.05
random25 seed=909
  maxacc  acc=0.9100 rate=0.6250 bw_waste=0.10
  q30     acc=0.8550 rate=0.2100 bw_waste=0.14
online_top seed=505
    round 1: labels=10 nano_wrong=1
    round 2: labels=15 nano_wrong=1
    round 3: labels=20 nano_wrong=1
    round 4: labels=25 nano_wrong=2
  maxacc  acc=0.9150 rate=0.8700 bw_waste=0.08
  q30     acc=0.8750 rate=0.3300 bw_waste=0.12
online_top seed=606
    round 1: labels=10 nano_wrong=4
    round 2: labels=15 nano_wrong=4
    round 3: labels=20 nano_wrong=4
    round 4: labels=25 nano_wrong=4
  maxacc  acc=0.9150 rate=0.9700 bw_waste=0.07
  q30     acc=0.8950 rate=0.3450 bw_waste=0.16
online_top seed=707
    round 1: labels=10 nano_wrong=0
    round 2: labels=15 nano_wrong=1
    round 3: labels=20 nano_wrong=2
    round 4: labels=25 nano_wrong=3
  maxacc  acc=0.9100 rate=0.7100 bw_waste=0.09
  q30     acc=0.8750 rate=0.2550 bw_waste=0.08
online_top seed=808
    round 1: labels=10 nano_wrong=1
    round 2: labels=15 nano_wrong=2
    round 3: labels=20 nano_wrong=2
    round 4: labels=25 nano_wrong=3
  maxacc  acc=0.9100 rate=0.8750 bw_waste=0.08
  q30     acc=0.8800 rate=0.2800 bw_waste=0.05
online_top seed=909
    round 1: labels=10 nano_wrong=3
    round 2: labels=15 nano_wrong=3
    round 3: labels=20 nano_wrong=3
    round 4: labels=25 nano_wrong=4
  maxacc  acc=0.9100 rate=0.9100 bw_waste=0.07
  q30     acc=0.8850 rate=0.3500 bw_waste=0.11
online_eps seed=505
    round 1: labels=10 nano_wrong=2
    round 2: labels=15 nano_wrong=3
    round 3: labels=20 nano_wrong=3
    round 4: labels=25 nano_wrong=3
  maxacc  acc=0.9150 rate=1.0000 bw_waste=0.07
  q30     acc=0.8750 rate=0.2900 bw_waste=0.10
online_eps seed=606
    round 1: labels=10 nano_wrong=1
    round 2: labels=15 nano_wrong=1
    round 3: labels=20 nano_wrong=2
    round 4: labels=25 nano_wrong=3
  maxacc  acc=0.8900 rate=0.5400 bw_waste=0.06
  q30     acc=0.8850 rate=0.2750 bw_waste=0.05
online_eps seed=707
    round 1: labels=10 nano_wrong=1
    round 2: labels=15 nano_wrong=2
    round 3: labels=20 nano_wrong=2
    round 4: labels=25 nano_wrong=3
  maxacc  acc=0.9150 rate=0.6400 bw_waste=0.09
  q30     acc=0.8750 rate=0.2850 bw_waste=0.12
online_eps seed=808
    round 1: labels=10 nano_wrong=3
    round 2: labels=15 nano_wrong=3
    round 3: labels=20 nano_wrong=4
    round 4: labels=25 nano_wrong=7
  maxacc  acc=0.9050 rate=0.6900 bw_waste=0.07
  q30     acc=0.8900 rate=0.2500 bw_waste=0.10
online_eps seed=909
    round 1: labels=10 nano_wrong=1
    round 2: labels=15 nano_wrong=2
    round 3: labels=20 nano_wrong=2
    round 4: labels=25 nano_wrong=2
  maxacc  acc=0.9150 rate=0.9950 bw_waste=0.07
  q30     acc=0.8650 rate=0.3000 bw_waste=0.12
online_uncertain seed=505
    round 1: labels=10 nano_wrong=1
    round 2: labels=15 nano_wrong=1
    round 3: labels=20 nano_wrong=2
    round 4: labels=25 nano_wrong=2
  maxacc  acc=0.9100 rate=0.7150 bw_waste=0.09
  q30     acc=0.8700 rate=0.2900 bw_waste=0.16
online_uncertain seed=606
    round 1: labels=10 nano_wrong=1
    round 2: labels=15 nano_wrong=1
    round 3: labels=20 nano_wrong=2
    round 4: labels=25 nano_wrong=2
  maxacc  acc=0.9100 rate=0.8850 bw_waste=0.07
  q30     acc=0.8800 rate=0.2900 bw_waste=0.10
online_uncertain seed=707
    round 1: labels=10 nano_wrong=2
    round 2: labels=15 nano_wrong=4
    round 3: labels=20 nano_wrong=4
    round 4: labels=25 nano_wrong=4
  maxacc  acc=0.9100 rate=0.7000 bw_waste=0.09
  q30     acc=0.8700 rate=0.2450 bw_waste=0.16
online_uncertain seed=808
    round 1: labels=10 nano_wrong=2
    round 2: labels=15 nano_wrong=2
    round 3: labels=20 nano_wrong=2
    round 4: labels=25 nano_wrong=4
  maxacc  acc=0.9150 rate=0.8950 bw_waste=0.07
  q30     acc=0.8800 rate=0.2750 bw_waste=0.09
online_uncertain seed=909
    round 1: labels=10 nano_wrong=1
    round 2: labels=15 nano_wrong=1
    round 3: labels=20 nano_wrong=2
    round 4: labels=25 nano_wrong=2
  maxacc  acc=0.9100 rate=0.9550 bw_waste=0.07
  q30     acc=0.8650 rate=0.2450 bw_waste=0.10
Saved C:\Users\25875\gepa\outputs\sembench_online_nanowrong.json
