none seed=505
  q50 acc=0.8750 rate=0.5050
none seed=606
  q50 acc=0.8850 rate=0.5000
none seed=707
  q50 acc=0.8800 rate=0.6200
none seed=808
  q50 acc=0.8900 rate=0.4800
none seed=909
  q50 acc=0.8750 rate=0.4900
prior_pool seed=505
  q50 acc=0.8650 rate=0.4500
prior_pool seed=606
  q50 acc=0.8850 rate=0.5050
prior_pool seed=707
  q50 acc=0.8800 rate=0.6050
prior_pool seed=808
  q50 acc=0.8800 rate=0.4350
prior_pool seed=909
  q50 acc=0.8700 rate=0.4750
prior_train seed=505
  q50 acc=0.8650 rate=0.4500
prior_train seed=606
  q50 acc=0.8850 rate=0.5150
prior_train seed=707
  q50 acc=0.8800 rate=0.4900
prior_train seed=808
  q50 acc=0.8800 rate=0.4100
prior_train seed=909
  q50 acc=0.8700 rate=0.4700
Saved C:\Users\25875\gepa\outputs\sembench_singlehead_minimal.json
